sqlplus 工具使用：
寻求帮助：
SQL> help index   

Enter Help [topic] for help.

 @             COPY         PAUSE                    SHUTDOWN
 @@            DEFINE       PRINT                    SPOOL
 /             DEL          PROMPT                   SQLPLUS
 ACCEPT        DESCRIBE     QUIT                     START
 APPEND        DISCONNECT   RECOVER                  STARTUP
 ARCHIVE LOG   EDIT         REMARK                   STORE
 ATTRIBUTE     EXECUTE      REPFOOTER                TIMING
 BREAK         EXIT         REPHEADER                TTITLE
 BTITLE        GET          RESERVED WORDS (SQL)     UNDEFINE
 CHANGE        HELP         RESERVED WORDS (PL/SQL)  VARIABLE
 CLEAR         HOST         RUN                      WHENEVER OSERROR
 COLUMN        INPUT        SAVE                     WHENEVER SQLERROR
 COMPUTE       LIST         SET                      XQUERY
 CONNECT       PASSWORD     SHOW

一级一级找帮助：
SQL> help set

 SET
 ---

 Sets a system variable to alter the SQL*Plus environment settings
 for your current session. For example, to:
     -   set the display width for data
     -   customize HTML formatting
     -   enable or disable printing of column headings
     -   set the number of lines per page

 SET system_variable value


SQLP[ROMPT] {SQL>|text	设置提示符
SET PAGES[IZE] {14|n}   设置多少行一页
SET LIN[ESIZE] {80|n}	设置终端宽度

临时修改提示符：
SQL> set sqlp "_user'@'_connect_identifier>"
SYS@ora11g>
永久修改：
[oracle@oradb ~]$ vim /u02/app/oracle/product/11.2.0/sqlplus/admin/glogin.sql
set sqlp _user'@'_connect_identifier>

其中，_user和_connect_identifier是sqlplus默认变量，分别代表当前登陆用户名和连接串名[sid] 

SYS@ora11g>def[ine]
DEFINE _DATE	       = "17-FEB-17" (CHAR)
DEFINE _CONNECT_IDENTIFIER = "ora11g" (CHAR)
DEFINE _USER	       = "SYS" (CHAR)
DEFINE _PRIVILEGE      = "AS SYSDBA" (CHAR)
DEFINE _SQLPLUS_RELEASE = "1102000300" (CHAR)
DEFINE _EDITOR	       = "vim" (CHAR)
DEFINE _O_VERSION      = "Oracle Database 11g Enterprise Edition Release 11.2.0.3.0 - 64bit Production
With the Partitioning, OLAP, Data Mining and Real Application Testing options" (CHAR)
DEFINE _O_RELEASE      = "1102000300" (CHAR)


COL[UMN] [{column | expr} [option ...] ]
col 列名 for a12 【字符或日期】
col 列名 for 9999 【数字】用9占位
注意：
1、如果列的类型是数字，如果用a的话就会出现###
2、设置列时如果太小也会出现##

set feedback off|on  关闭查询末尾显示行号（去除尾巴）
set head off|on  关闭显示列名（去除头部）
set feedback off head off  可以一起设置

以上设置都是临时的，退出重新登录就没有了，想要永久保存设置，需要修改文件：
$ cd $ORACLE_HOME/sqlplus/admin
$ vim glogin.sql

set line 200 pages 200
col ename for a7
col empno for 9999
col job for a9
col mgr for 9999
col sal for 99999
col comm for 9999
col deptno for 99

说明：
如果在文件中要设置列的输出显示，则要考虑到其他表有没有相同的列名不同的类型，否则就有可能出想输出##的提示

l[ist] ：查看缓冲池里的sql语句（缓冲池只能保存最近的一条sql语句）
/ [run]: 执行最近的一条sql语句 【运行缓冲池里的sql语句】
说明：如果是个新会没有执行过任何sql语句，则没有缓冲
SQL> l
SP2-0223: No lines in SQL buffer.

如果想保存多条sql语句，则要单独存储到文件：
save  /path/xxx.sql  保存到外部指定的文件中
@ 【start】 /path/xxx.sql 把外部（sql）文件加载到缓冲池中并运行

get /path/xxx.sql 把外部文件（sql语句）加载到sqlplus的缓冲池中，然后通过run（/）来运行

说明：@ 要学会，经常需要在数据库里执行脚本
$ cd $ORACLE_HOME/rdbms/admin
$ ls utlsampl.sql   ——>该脚本是用来初始化scott用户（用户被删除、表被删、该错等）

注意：
初始化scott用户时，确定scott用户没有连接

SQL> @/u02/app/oracle/product/11.2.0/rdbms/admin/utlsampl.sql
SQL> @ /u02/app/oracle/product/11.2.0/rdbms/admin/utlsampl
SQL> @?/rdbms/admin/utlsampl

?代表$ORACLE_HOME



spool 命令：录屏（记录所有的操作）

SPO[OL] [file_name[.ext] [CRE[ATE] | REP[LACE] | APP[END]] | OFF | OUT]

SQL> spool /path/xxx.txt  将sql语句和执行结果全部输出（不管对与错）
SQL> spool off  结束

app 追加
rep 替换
cre 创建
说明：如果没有关闭spool直接exit退出，则后面想再次续接就需要以追加的方式

！：临时在sqlplus里执行主机命令，也可以临时退出sqlplus

修改缓冲池里的sql语句：

C——>change 修改替换  c/old/new/  如果new值不写就等于删除
A——>append 追加  （只能追加在最后面）
DEL——>删除  最小粒度是删除一行（c/old//）

SQL> select
  2        ename,jov
  3  from
  4        emp;
      ename,jov
            *
ERROR at line 2:
ORA-00904: "JOV": invalid identifier


SQL> l
  1  select
  2	   ename,jov
  3  from
  4*	   emp
SQL> 2 查看第几行
  2*	   ename,jov
SQL> c/jov/job
  2*	   ename,job
SQL> l
  1  select
  2	   ename,job
  3  from
  4*	   emp
SQL> /

SQL> 1
  1* select ename,empon from emp
SQL> c/empon/empno
  1* select ename,empno from emp


删除一列：
SQL> 2
  2*	   ename,job
SQL> c/,job//
  2*	   ename
SQL> l
  1  select
  2	   ename
  3  from
  4*	   emp
SQL> 

追加一列：
SQL> 2
  2*	   ename
SQL> a ,job
  2*	   ename,job
SQL> l
  1  select
  2	   ename,job
  3  from
  4*	   emp

这样就不行：
SQL> l
  1* select ename from emp
SQL> a ,job 
  1* select ename from emp,job
可以这样：
SQL> l
  1* select ename from emp
SQL> c/me/me,job
  1* select ename,job from emp

del 删除一整行：
SQL> l
  1  select
  2	    ename
  3	    ,job
  4  from
  5	    emp
  6*
SQL> 3
  3*	    ,job
SQL> del
SQL> l
  1  select
  2	    ename
  3  from
  4	    emp
  5*
SQL> 

del只能删除一行就有些麻烦，那么就可以使用save先保存到一个文件中，然后通过vim修改
但是就需要先保存然后再重新加载，那么vim能不能直接修改缓冲池？可以

SQL> define _editor
DEFINE _EDITOR	       = "ed" (CHAR)
SQL> define _editor=vim  这样就可以将sqlplus和vim工具联系起来
SQL> define _editor
DEFINE _EDITOR	       = "vim" (CHAR)

SQL> ed  可以直接使用vim打开缓冲池进行修改

以上是临时定义，永久需要编写$ORACLE_HOME/sqlplus/admin/glogin.sql文件
vim $ORACLE_HOME/sqlplus/admin/glogin.sql
...
define _editor='vim'

SQL> define
DEFINE _DATE	       = "08-FEB-17" (CHAR)
DEFINE _CONNECT_IDENTIFIER = "ora11g" (CHAR)
DEFINE _USER	       = "SCOTT" (CHAR)
DEFINE _PRIVILEGE      = "" (CHAR)
DEFINE _SQLPLUS_RELEASE = "1102000300" (CHAR)
DEFINE _EDITOR	       = "vim" (CHAR)
DEFINE _O_VERSION      = "Oracle Database 11g Enterprise Edition Release 11.2.0.3.0 - 64bit Production
With the Partitioning, OLAP, Data Mining and Real Application Testing options" (CHAR)
DEFINE _O_RELEASE      = "1102000300" (CHAR)
DEFINE _RC	       = "0" (CHAR)

错误：
SQL> l
  1* select * from scott.dept
SQL> ed
SP2-0110: Cannot create save file "afiedt.buf"

ed需要创建一个缓存文件，但是不能创建，原因是当前用户没有权限：
SQL> exit
[oracle@oradb /]$ pwd
/
[oracle@oradb /]$ touch abc
touch: cannot touch `abc': Permission denied

作业：
set serverout on|off 什么含义？

控制在SQL*PLUS中的存储过程是否显示输出。OFF为禁止；ON为显示输出。size设置缓冲输出的字节数，缺省为2000，n不能哪个小于2000或大于一百万。
SQL> SET SERVEROUT[PUT] {ON|OFF}
在编写存储过程时，我们有时会用dbms_output.put_line将必要的信息输出，以便对存储过程进行调试，只有将serveroutput变量设为on后，信息才能显示在屏幕上。


